// Jest Snapshot v1, https://goo.gl/fbAQLP

exports[`MyComponent snapshots should match for MyComponent component 1`] = `ShallowWrapper {}`;
